// Vitest Snapshot v1, https://vitest.dev/guide/snapshot.html

exports[`requested service module coverage > imports requested service trees 1`] = `
[
  "../background-jobs/handlers/base-process-handler.ts",
  "../background-jobs/handlers/cron-actions/agent-chat.ts",
  "../background-jobs/handlers/cron-actions/index.ts",
  "../background-jobs/handlers/cron-actions/registry.ts",
  "../background-jobs/handlers/error-metadata.ts",
  "../background-jobs/handlers/handler-registry.ts",
  "../background-jobs/handlers/index.ts",
  "../background-jobs/handlers/process-activity-tracking.ts",
  "../background-jobs/handlers/process-basic.ts",
  "../background-jobs/handlers/process-chat.ts",
  "../background-jobs/handlers/process-cron-operations.ts",
  "../background-jobs/handlers/process-cron-trigger.ts",
  "../background-jobs/handlers/process-embedded-chat-history.ts",
  "../background-jobs/handlers/process-embedding-operations.ts",
  "../background-jobs/handlers/process-factory.ts",
  "../background-jobs/handlers/process-flow-operations.ts",
  "../background-jobs/handlers/process-knowledge-graph.ts",
  "../background-jobs/handlers/process-llm-operations.ts",
  "../background-jobs/handlers/process-remember-save.ts",
  "../background-jobs/handlers/process-sandbox-operations.ts",
  "../background-jobs/handlers/process-topic-operations.ts",
  "../background-jobs/handlers/process-web-browser-operations.ts",
  "../background-jobs/handlers/stream-buffer.ts",
  "../background-jobs/handlers/types.ts",
  "../database/bridges/chrome-port-rpc.ts",
  "../database/bridges/current-proxy-transport.ts",
  "../database/bridges/current-rpc-server.ts",
  "../database/bridges/noop-rpc-server.ts",
  "../database/bridges/proxy-driver.ts",
  "../database/bridges/proxy-transport.ts",
  "../database/bridges/rpc-handler.ts",
  "../database/bridges/rpc-server.ts",
  "../database/bridges/serialization.ts",
  "../database/bridges/types.ts",
  "../database/bridges/unavailable-proxy-transport.ts",
  "../database/constants.ts",
  "../database/database-service-core.ts",
  "../database/database-service-main.ts",
  "../database/database-service-proxy.ts",
  "../database/db.ts",
  "../database/entities/activities.ts",
  "../database/entities/activity-sessions.ts",
  "../database/entities/configurations.ts",
  "../database/entities/conversations.ts",
  "../database/entities/cron-jobs.ts",
  "../database/entities/edges.ts",
  "../database/entities/encryptions.ts",
  "../database/entities/flow-configs.ts",
  "../database/entities/flow-connections.ts",
  "../database/entities/flow-services.ts",
  "../database/entities/flow-states.ts",
  "../database/entities/flow-steps.ts",
  "../database/entities/flows.ts",
  "../database/entities/index.ts",
  "../database/entities/messages.ts",
  "../database/entities/nodes.ts",
  "../database/entities/source-edges.ts",
  "../database/entities/source-nodes.ts",
  "../database/entities/sources.ts",
  "../database/entities/topic-files.ts",
  "../database/entities/topic-types.ts",
  "../database/entities/topics.ts",
  "../database/idb-fast-sync.ts",
  "../database/index.ts",
  "../database/interfaces/database-service.interface.ts",
  "../database/migrations/000_initial.ts",
  "../database/migrations/001_example_future_migration.ts",
  "../database/migrations/002_add_topic_files.ts",
  "../database/migrations/003_add_activity_tracking.ts",
  "../database/migrations/004_add_display_meta.ts",
  "../database/migrations/005_add_multi_size_embeddings.ts",
  "../database/migrations/006_add_flow_builder.ts",
  "../database/migrations/007_add_predefined_flow_and_flow_configs.ts",
  "../database/migrations/008_add_message_query_indexes.ts",
  "../database/migrations/009_add_agent_id_to_topics.ts",
  "../database/migrations/010_add_grow_recall_type_to_topics.ts",
  "../database/migrations/011_add_cron_jobs.ts",
  "../database/migrations/012_rename_knowledge_rag_to_foundation.ts",
  "../database/migrations/013_add_message_parts.ts",
  "../database/migrations/014_add_message_history_search_index.ts",
  "../database/migrations/015_bound_message_history_search_index.ts",
  "../database/migrations/index.ts",
  "../database/schema.ts",
  "../database/thread-history-search-vector.ts",
  "../database/types.ts",
  "../database/utils/default-now-to-trigger.ts",
  "../database/utils/schema-to-sql.ts",
  "../database/utils/source-utils.ts",
  "../embedding/embedding-model-helper.ts",
  "../embedding/embedding-service-core.ts",
  "../embedding/embedding-service-main.ts",
  "../embedding/embedding-service-proxy.ts",
  "../embedding/implementations/embedding-proxy.ts",
  "../embedding/implementations/local-embedding.ts",
  "../embedding/implementations/openai-embedding.ts",
  "../embedding/implementations/worker-embedding.ts",
  "../embedding/index.ts",
  "../embedding/interfaces/base-embedding.ts",
  "../embedding/interfaces/embedding-service.interface.ts",
  "../filesystem/change-bus/broadcast-channel.ts",
  "../filesystem/change-bus/current.ts",
  "../filesystem/change-bus/extension.ts",
  "../filesystem/change-bus/types.ts",
  "../filesystem/default-skills/alirezarezvani.ts",
  "../filesystem/default-skills/andrej-karpathy.ts",
  "../filesystem/default-skills/anthropic.ts",
  "../filesystem/default-skills/bundled/ascii-art.ts",
  "../filesystem/default-skills/bundled/index.ts",
  "../filesystem/default-skills/bundled/wireframe.ts",
  "../filesystem/default-skills/design.ts",
  "../filesystem/default-skills/index.ts",
  "../filesystem/default-skills/nexu.ts",
  "../filesystem/default-skills/secondsky.ts",
  "../filesystem/default-skills/types.ts",
  "../filesystem/document-filesystem.ts",
  "../filesystem/filesystem-paths.ts",
  "../filesystem/fs.ts",
  "../filesystem/sandbox-paths.ts",
  "../filesystem/skill-filesystem.ts",
  "../llm/configs/transformer-models.ts",
  "../llm/configs/webllm-models.ts",
  "../llm/configs/wllama-models.ts",
  "../llm/constants.ts",
  "../llm/implementations/iframe-runtime.ts",
  "../llm/implementations/llm-proxy.ts",
  "../llm/implementations/local-openai-llm.ts",
  "../llm/implementations/openai-llm.ts",
  "../llm/implementations/transformer-direct-llm.ts",
  "../llm/implementations/transformer-llm.ts",
  "../llm/implementations/webllm-llm.ts",
  "../llm/implementations/wllama-llm.ts",
  "../llm/index.ts",
  "../llm/interfaces/base-llm.ts",
  "../llm/interfaces/llm-model-config.ts",
  "../llm/interfaces/llm-service.interface.ts",
  "../llm/interfaces/service.ts",
  "../llm/interfaces/tool-capability.ts",
  "../llm/llm-service-core.ts",
  "../llm/llm-service-main.ts",
  "../llm/llm-service-proxy.ts",
  "../llm/registry/model-registry.ts",
  "../llm/tools/tool-adapter.ts",
  "../llm/tools/tool-capability-resolver.ts",
  "../llm/utils/budget-retry.ts",
  "../llm/utils/runner-memory-hints.ts",
  "../llm/utils/token-usage.ts",
  "../llm/utils/webgpu-runner-errors.ts",
]
`;
