// Vitest Snapshot v1, https://vitest.dev/guide/snapshot.html

exports[`requested main module coverage > imports chat, documents, agents, agent wizard, and llm modules 1`] = `
[
  "../modules/agent-wizard/components/AgentWizardChatPanel.tsx",
  "../modules/agent-wizard/components/AgentWizardConnectionSetup.tsx",
  "../modules/agent-wizard/components/AgentWizardTemplatePanel.tsx",
  "../modules/agent-wizard/components/AgentWizardWorkspace.tsx",
  "../modules/agent-wizard/hooks/use-agent-wizard.ts",
  "../modules/agent-wizard/index.ts",
  "../modules/agent-wizard/templates/agent-wizard-templates.ts",
  "../modules/agent-wizard/types.ts",
  "../modules/agent-wizard/utils/agent-wizard-cursor.ts",
  "../modules/agent-wizard/utils/apply-agent-wizard-patch.ts",
  "../modules/agent-wizard/utils/build-agent-wizard-prompt.ts",
  "../modules/agents/components/AgentConfigForm.tsx",
  "../modules/agents/components/AgentConfigFormDialogs.tsx",
  "../modules/agents/components/AgentCronJobsSection.tsx",
  "../modules/agents/components/AgentHoverInfo.tsx",
  "../modules/agents/components/AgentIconScreenPicker.tsx",
  "../modules/agents/components/AgentMemoryTypeControls.tsx",
  "../modules/agents/components/AgentPresetCollapsedList.tsx",
  "../modules/agents/components/AgentPresetList.tsx",
  "../modules/agents/components/AgentsWorkspace.tsx",
  "../modules/agents/components/AgentsWorkspaceLayout.tsx",
  "../modules/agents/components/FeatureCard.tsx",
  "../modules/agents/components/FeaturesGrid.tsx",
  "../modules/agents/components/MCPServersSection.tsx",
  "../modules/agents/components/SkillsSection.tsx",
  "../modules/agents/components/SystemPromptEditor.tsx",
  "../modules/agents/components/VisualizeResponseFeatureConfig.tsx",
  "../modules/agents/components/agent-config-form/AdvancedGraphSection.tsx",
  "../modules/agents/components/agent-config-form/AgentCompactStatsRow.tsx",
  "../modules/agents/components/agent-config-form/AgentIdentitySection.tsx",
  "../modules/agents/components/agent-config-form/AgentInlineActions.tsx",
  "../modules/agents/components/agent-config-form/AgentIntegrationsSection.tsx",
  "../modules/agents/components/agent-config-form/AgentPromptPills.tsx",
  "../modules/agents/components/agent-config-form/LegacyConfigWarning.tsx",
  "../modules/agents/components/agent-config-form/index.ts",
  "../modules/agents/components/agent-config-form/types.ts",
  "../modules/agents/hooks/use-agent-config-summary.ts",
  "../modules/agents/hooks/use-agent-cron-jobs.ts",
  "../modules/agents/hooks/use-agent-memory-topic.ts",
  "../modules/agents/hooks/use-agent-presets.ts",
  "../modules/agents/hooks/use-agents-workspace-controller.ts",
  "../modules/agents/hooks/use-agents-workspace-panels.ts",
  "../modules/agents/hooks/use-unsaved-agent-workspace-guard.ts",
  "../modules/agents/index.ts",
  "../modules/agents/modals/AgentFeatureDetailModal.tsx",
  "../modules/agents/modals/MCPServersModal.tsx",
  "../modules/agents/types.ts",
  "../modules/agents/utils/feature-display.ts",
  "../modules/chat/components/AgentContextWarningBanner.tsx",
  "../modules/chat/components/ChatEmptyState.tsx",
  "../modules/chat/components/ChatInput.tsx",
  "../modules/chat/components/DocumentSaveFolderDialog.tsx",
  "../modules/chat/components/LoadingScreen.tsx",
  "../modules/chat/components/MarkdownMessage.tsx",
  "../modules/chat/components/MessageActions.tsx",
  "../modules/chat/components/MessageFooter.tsx",
  "../modules/chat/components/MessageGroup.tsx",
  "../modules/chat/components/MessageKnowledgeGraph.tsx",
  "../modules/chat/components/MessageRenderer.tsx",
  "../modules/chat/components/MessageStreamDown.tsx",
  "../modules/chat/components/ModelLoadPrompt.tsx",
  "../modules/chat/components/NoModelsScreen.tsx",
  "../modules/chat/components/SmartSelectContextBanner.tsx",
  "../modules/chat/components/artifacts/ArtifactActionsMenu.tsx",
  "../modules/chat/components/artifacts/ArtifactRenderer.tsx",
  "../modules/chat/components/artifacts/HtmlArtifact.tsx",
  "../modules/chat/components/artifacts/HyperframesArtifact.tsx",
  "../modules/chat/components/artifacts/LottieArtifact.tsx",
  "../modules/chat/components/artifacts/MarkdownArtifact.tsx",
  "../modules/chat/components/artifacts/TextArtifact.tsx",
  "../modules/chat/components/artifacts/UrlArtifact.tsx",
  "../modules/chat/components/artifacts/artifact-protocol.ts",
  "../modules/chat/components/index.ts",
  "../modules/chat/components/input/AttachmentList.tsx",
  "../modules/chat/components/input/ChatInputControls.tsx",
  "../modules/chat/components/input/MentionPopup.tsx",
  "../modules/chat/components/input/MentionRichTextarea.tsx",
  "../modules/chat/components/message/AssistantContentFlow.tsx",
  "../modules/chat/components/message/AssistantToolTimeline.tsx",
  "../modules/chat/components/message/AssistantToolTimelinePart.tsx",
  "../modules/chat/components/message/AssistantWorkflow.tsx",
  "../modules/chat/components/message/ChatImagePart.tsx",
  "../modules/chat/components/message/Citation.tsx",
  "../modules/chat/components/message/CodeBlockWithSave.tsx",
  "../modules/chat/components/message/CompactArtifactReference.tsx",
  "../modules/chat/components/message/DeferredMount.tsx",
  "../modules/chat/components/message/HtmlCodePreview.tsx",
  "../modules/chat/components/message/MarkdownMathMessageBody.tsx",
  "../modules/chat/components/message/MarkdownMessageBody.tsx",
  "../modules/chat/components/message/MemorallToolCallCard.tsx",
  "../modules/chat/components/message/MessageAttachedDocuments.tsx",
  "../modules/chat/components/message/MessageContentWithArtifacts.tsx",
  "../modules/chat/components/message/MessageErrorNotice.tsx",
  "../modules/chat/components/message/StreamingListItem.tsx",
  "../modules/chat/components/message/ThinkingSections.tsx",
  "../modules/chat/components/message/UserMessageContent.tsx",
  "../modules/chat/components/message/markdownComponents.tsx",
  "../modules/chat/components/message/message-parts-adapter.ts",
  "../modules/chat/components/message/parseThinkTags.ts",
  "../modules/chat/components/message/stable-part-keys.ts",
  "../modules/chat/components/message/use-new-item-ids.ts",
  "../modules/chat/components/message/use-streaming-disclosure.ts",
  "../modules/chat/components/tools/APIResult.tsx",
  "../modules/chat/components/tools/CoAgentTool.tsx",
  "../modules/chat/components/tools/ComposioTool.tsx",
  "../modules/chat/components/tools/DefaultActionRenderer.tsx",
  "../modules/chat/components/tools/DocumentConvert.tsx",
  "../modules/chat/components/tools/FileSystem.tsx",
  "../modules/chat/components/tools/MessageKnowledgeGraph.tsx",
  "../modules/chat/components/tools/PlannerTool.tsx",
  "../modules/chat/components/tools/TaskMermaidDiagram.tsx",
  "../modules/chat/components/tools/TerminalTool.tsx",
  "../modules/chat/components/tools/ToolCommon.tsx",
  "../modules/chat/components/tools/UtilityAgentTools.tsx",
  "../modules/chat/components/tools/WebAccess.tsx",
  "../modules/chat/components/tools/WebChallengeNotice.tsx",
  "../modules/chat/components/tools/WebDom.tsx",
  "../modules/chat/components/tools/WebOpen.tsx",
  "../modules/chat/components/tools/WebRead.tsx",
  "../modules/chat/components/tools/WebSearch.tsx",
  "../modules/chat/components/tools/composio-toolkits.ts",
  "../modules/chat/components/types/index.ts",
  "../modules/chat/hooks/index.ts",
  "../modules/chat/hooks/use-chat.ts",
  "../modules/chat/hooks/use-frame-coalesced-state.ts",
  "../modules/chat/services/chat-service.ts",
  "../modules/chat/services/index.ts",
  "../modules/chat/utils/build-send-messages.ts",
  "../modules/chat/utils/extract-document-text.ts",
  "../modules/chat/utils/i18n-helpers.ts",
  "../modules/chat/utils/message-grouping.ts",
  "../modules/chat/utils/tool-display-info.ts",
  "../modules/files/components/DocumentBreadcrumb.tsx",
  "../modules/files/components/DocumentLibraryCompactNavigator.tsx",
  "../modules/files/components/DocumentLibraryContent.tsx",
  "../modules/files/components/DocumentLibraryHeader.tsx",
  "../modules/files/components/DocumentLibrarySidebar.tsx",
  "../modules/files/components/DocumentList.tsx",
  "../modules/files/components/DocumentTree.tsx",
  "../modules/files/components/DocumentTreeDraggable.tsx",
  "../modules/files/components/DocumentViewer.tsx",
  "../modules/files/components/ExcelSheetSelector.tsx",
  "../modules/files/components/ExcelViewer.tsx",
  "../modules/files/components/KnowledgeConversionDialog.tsx",
  "../modules/files/components/LazyExcelViewer.tsx",
  "../modules/files/components/PDFPageSelector.tsx",
  "../modules/files/components/excel-to-univer.ts",
  "../modules/files/editors/CodeEditor.tsx",
  "../modules/files/editors/LazyMarkdownEditor.tsx",
  "../modules/files/editors/MarkdownEditor.tsx",
  "../modules/files/editors/index.ts",
  "../modules/files/editors/registry.ts",
  "../modules/files/editors/types.ts",
  "../modules/files/handlers/excel-extraction.ts",
  "../modules/files/handlers/pdf-extraction.ts",
  "../modules/files/hooks/use-document-library.ts",
  "../modules/files/hooks/use-knowledge-conversion.ts",
  "../modules/files/hooks/use-modal-selector.ts",
  "../modules/files/hooks/use-source-status.ts",
  "../modules/files/modals/CreateDocumentDialog.tsx",
  "../modules/files/modals/CreateFolderDialog.tsx",
  "../modules/files/modals/UploadProgressDialog.tsx",
  "../modules/files/modals/index.ts",
  "../modules/files/utils/tree-utils.ts",
  "../modules/llm/components/AdvancedSection.tsx",
  "../modules/llm/components/ChatSection.tsx",
  "../modules/llm/components/ExternalProvidersConfig.tsx",
  "../modules/llm/components/LocalOpenAITab.tsx",
  "../modules/llm/components/LogsSection.tsx",
  "../modules/llm/components/MagicSetup.tsx",
  "../modules/llm/components/ModelDownloadingScreen.tsx",
  "../modules/llm/components/OffscreenServicesCard.tsx",
  "../modules/llm/components/OpenAITab.tsx",
  "../modules/llm/components/OpenRouterTab.tsx",
  "../modules/llm/components/ProgressSection.tsx",
  "../modules/llm/components/ProviderPanel.tsx",
  "../modules/llm/components/ProviderTabs.tsx",
  "../modules/llm/components/RecommendedSetup.tsx",
  "../modules/llm/components/TransformerTab.tsx",
  "../modules/llm/components/WebLLMTab.tsx",
  "../modules/llm/components/WllamaTab.tsx",
  "../modules/llm/components/YourModels/components/DownloadedModelsSection.tsx",
  "../modules/llm/components/YourModels/components/LocalModelsList.tsx",
  "../modules/llm/components/YourModels/components/ProgressSection.tsx",
  "../modules/llm/components/YourModels/components/ProviderSelector.tsx",
  "../modules/llm/components/YourModels/components/QuickDownloadModels.tsx",
  "../modules/llm/components/YourModels/components/RemoteModelsSection.tsx",
  "../modules/llm/components/YourModels/index.tsx",
  "../modules/llm/components/index.ts",
  "../modules/llm/hooks/index.ts",
  "../modules/llm/hooks/use-download-progress.ts",
  "../modules/llm/hooks/use-downloaded-models.ts",
  "../modules/llm/hooks/use-llm-actions.ts",
  "../modules/llm/hooks/use-llm-state.ts",
  "../modules/llm/hooks/use-local-models.ts",
  "../modules/llm/hooks/use-magic-model-download.ts",
  "../modules/llm/hooks/use-model-operations.ts",
  "../modules/llm/hooks/use-progress-listener.ts",
  "../modules/llm/hooks/use-repo-effect.ts",
  "../modules/llm/types/system-specs.ts",
  "../modules/llm/utils/gpu-vram-database.ts",
  "../modules/llm/utils/model-memory.ts",
  "../modules/llm/utils/model-recommendations.ts",
  "../modules/llm/utils/system-detection.ts",
]
`;
